adhoc-network
AGI
alms
anansi
anatomy
Annotations
arbtt
asn1-data
assembler
atomo
AttoJson
attoparsec
attoparsec-enumerator
attoparsec-iteratee
attoparsec-text
attoparsec-text-enumerator
attosplit
bamboo
bamboo-theme-blueprint
bamboo-theme-mini-html5
Barracuda
baskell
bbdb
bein
bencode
bert
bibtex
bidirectionalization-combined
bio
Biobase
BiobaseInfernal
BiobaseTurner
BiobaseVienna
bird
BlogLiterately
Bravo
buster
buster-gtk
bytestringparser
bytestringparser-temporary
cabal2doap
cabal-macosx
caldims
cedict
cgen
cgi
chunks
CLASE
clevercss
clogparse
codec-libevent
Combinatorrent
ConfigFile
ConfigFileTH
conjure
console-program
core
CoreErlang
CPL
criterion
crypto-api
CSPM-Frontend
csv
darcs
darcs-beta
darcs-buildpackage
darcs-cabalized
darcs-fastconvert
DarcsHelpers
darcswatch
DBlimited
dbmigrations
dbus-core
debian
dedukti
delimited-text
dfsbuild
disassembler
DisTract
DocTest
email-validate
Emping
Eq
esotericbot
extcore
fastirc
fibon
fig
filestore
Flippi
flite
flow2dot
fquery
fsmActions
ftphs
funsat
GenI
geniconvert
ghc-mod
gitit
gopherbot
grammar-combinators
graph-rewriting-lambdascope
graph-rewriting-ski
graph-utils
GroteTrap
gsmenu
GuiHaskell
hack-contrib-press
HackMail
hackport
hamlet
HAppSHelpers
HAppS-Server
happstack-helpers
happstack-server
happstack-util
happs-tutorial
harchive
harpy
Haschoo
Hashell
haskeem
HaskellNet
haskell-platform-test
HaskellTorrent
hask-home
haskore
hawitter
hbeanstalk
HDBC-odbc
HDBC-postgresql
hdigest
Hedi
heist
helisp
hellnet
hesql
hg-buildpackage
hgdbmi
hgom
hiccup
highlighting-kate
hjpath
hjs
hjsmin
hjson
hledger
hledger-chart
hledger-lib
hledger-vty
hledger-web
hmarkup
hmatrix-static
hmeap
hmk
hmt
hmumps
hoogle
HPath
hpc-tracer
hpodder
hprotoc
hpuz
hsdip
Hsed
hsemail
hsemail-ns
HSFFIG
HSGEP
hs-gizapp
hssqlppp
HStringTemplate
HTTP
http-enumerator
http-monad
hugs2yc
hums
hunp
husk-scheme
husky
hweblib
hxt
hxt-curl
hxt-filter
hxt-http
hxt-regex-xmlschema
hxt-relaxng
hxt-xpath
hxt-xslt
hybrid
i18n
iCalendar
ideas
idris
imbib
IndentParser
indents
internetmarke
iproute
irc
ismtp
iteratee-parsec
ivor
iyql
jmacro
JsContracts
json
JSONb
lambdabot
LambdaCalculator
LambdaShell
language-asn1
language-dot
language-go
language-java
language-java-classfile
language-sh
ldif
leksah
leksah-server
lhae
libGenI
linkcore
lispparser
llsd
lojban
L-seed
LslPlus
ltk
maccatcher
mighttpd
ministg
MissingH
mohws
MonadLab
mongoDB
monoids
mps
msgpack
mvclient
natural-sort
nettle-openflow
network
network-data
network-dbus
network-dns
nntp
numeric-prelude
nymphaea
only
open-pandoc
optimusprime
orchid
PageIO
panda
pandoc
parsec
parsec2
parsec-extra
ParsecTools
parsedate
parse-dimacs
parsely
ParserFunction
penn-treebank
persistent
pgm
photoname
phybin
piki
pisigma
PlslTools
pngload
pointfree
polyseq
postmaster
preprocessor-tools
press
primula-bot
prof2dot
protocol-buffers
Pugs
pxsl-tools
redHandlers
regex-base
regex-dfa
regex-parsec
regex-pderiv
regex-tdfa
regex-xmlschema
relative-date
RESTng
RJson
rpf
rsagl
salvia
salvia-protocol
SBench
scan
scc
Scurry
serial
sgf
shaker
shelltestrunner
shpider
sifflet-lib
simgi
snap
snap-core
snap-server
snippet-extractor
snm
sparsecheck
spoonutil
srcinst
SVGFonts
SVGPath
swish
system-uuid
tableaux
tagsoup-parsec
templatepg
texmath
text-json-qq
text-xml-qq
time-http
time-w3c
tkhs
todos
treemap-html
treemap-html-tools
twidge
txt-sushi
uAgda
UMM
uni-util
uri
vcd
vintage-basic
vision
visual-prof
vty
WashNGo
WebBits
WebBits-Html
webidl
web-routes
web-routes-regular
web-routes-th
webserver
WikimediaParser
windowslive
WURFL
wxcore
wxdirect
wyvern
xhaskell-library
xhb
xml-enumerator
xml-parsec
xmobar
xmonad-extras
XMPP
xsd
yesod
yi
yices
yst
yuuko
