adhoc-network.parsed-imports
AGI.parsed-imports
alms.parsed-imports
arbtt.parsed-imports
baskell.parsed-imports
bencode.parsed-imports
bert.parsed-imports
bibtex.parsed-imports
bidirectionalization-combined.parsed-imports
BiobaseInfernal.parsed-imports
Biobase.parsed-imports
bio.parsed-imports
bird.parsed-imports
cabal-macosx.parsed-imports
cgen.parsed-imports
cgi.parsed-imports
chunks.parsed-imports
CLASE.parsed-imports
clevercss.parsed-imports
ConfigFile.parsed-imports
ConfigFileTH.parsed-imports
CoreErlang.parsed-imports
core.parsed-imports
CPL.parsed-imports
CSPM-Frontend.parsed-imports
csv.parsed-imports
darcswatch.parsed-imports
DBlimited.parsed-imports
dbus-core.parsed-imports
disassembler.parsed-imports
email-validate.parsed-imports
extcore.parsed-imports
fig.parsed-imports
filestore.parsed-imports
Flippi.parsed-imports
flite.parsed-imports
fquery.parsed-imports
fsmActions.parsed-imports
ftphs.parsed-imports
graph-rewriting-lambdascope.parsed-imports
graph-rewriting-ski.parsed-imports
GroteTrap.parsed-imports
HackMail.parsed-imports
hamlet.parsed-imports
happstack-server.parsed-imports
Haschoo.parsed-imports
haskeem.parsed-imports
hbeanstalk.parsed-imports
hdigest.parsed-imports
helisp.parsed-imports
hgdbmi.parsed-imports
highlighting-kate.parsed-imports
hjson.parsed-imports
hjs.parsed-imports
hledger-lib.parsed-imports
hmarkup.parsed-imports
hpuz.parsed-imports
hsdip.parsed-imports
Hsed.parsed-imports
hsemail-ns.parsed-imports
hsemail.parsed-imports
HSFFIG.parsed-imports
hs-gizapp.parsed-imports
HStringTemplate.parsed-imports
HTTP.parsed-imports
hums.parsed-imports
hunp.parsed-imports
husk-scheme.parsed-imports
hxt-curl.parsed-imports
hxt-filter.parsed-imports
hxt-http.parsed-imports
hxt.parsed-imports
hxt-regex-xmlschema.parsed-imports
hxt-relaxng.parsed-imports
hxt-xpath.parsed-imports
hybrid.parsed-imports
i18n.parsed-imports
iCalendar.parsed-imports
ideas.parsed-imports
IndentParser.parsed-imports
internetmarke.parsed-imports
irc.parsed-imports
ivor.parsed-imports
iyql.parsed-imports
json.parsed-imports
LambdaCalculator.parsed-imports
language-asn1.parsed-imports
language-java.parsed-imports
language-sh.parsed-imports
ldif.parsed-imports
lispparser.parsed-imports
llsd.parsed-imports
lojban.parsed-imports
maccatcher.parsed-imports
ministg.parsed-imports
MissingH.parsed-imports
mongoDB.parsed-imports
mps.parsed-imports
nettle-openflow.parsed-imports
network-data.parsed-imports
network-dbus.parsed-imports
network-dns.parsed-imports
network.parsed-imports
numeric-prelude.parsed-imports
nymphaea.parsed-imports
only.parsed-imports
parsec2.parsed-imports
parsec.parsed-imports
parsedate.parsed-imports
ParserFunction.parsed-imports
penn-treebank.parsed-imports
persistent.parsed-imports
pisigma.parsed-imports
PlslTools.parsed-imports
pointfree.parsed-imports
preprocessor-tools.parsed-imports
prof2dot.parsed-imports
pxsl-tools.parsed-imports
regex-pderiv.parsed-imports
regex-tdfa.parsed-imports
regex-xmlschema.parsed-imports
RJson.parsed-imports
rpf.parsed-imports
scan.parsed-imports
shelltestrunner.parsed-imports
simgi.parsed-imports
SVGPath.parsed-imports
swish.parsed-imports
system-uuid.parsed-imports
tableaux.parsed-imports
tagsoup-parsec.parsed-imports
texmath.parsed-imports
text-xml-qq.parsed-imports
txt-sushi.parsed-imports
UMM.parsed-imports
uni-util.parsed-imports
vintage-basic.parsed-imports
vty.parsed-imports
WashNGo.parsed-imports
WebBits.parsed-imports
web-routes-th.parsed-imports
webserver.parsed-imports
WikimediaParser.parsed-imports
wxdirect.parsed-imports
xhaskell-library.parsed-imports
xml-parsec.parsed-imports
xmobar.parsed-imports
xmonad-extras.parsed-imports
XMPP.parsed-imports
xsd.parsed-imports
yesod.parsed-imports
yices.parsed-imports
yuuko.parsed-imports
